images/frame_000031_rot_blur.png labels/frame_000031_rot_blur.png
images/frame_000338.png labels/frame_000338.png
images/frame_000542.png labels/frame_000542.png
images/frame_000473.png labels/frame_000473.png
images/frame_000466.png labels/frame_000466.png
images/frame_000230_rot_blur.png labels/frame_000230_rot_blur.png
images/frame_000335.png labels/frame_000335.png
images/frame_000243.png labels/frame_000243.png
images/frame_000332.png labels/frame_000332.png
images/frame_000365_rot_blur.png labels/frame_000365_rot_blur.png
images/frame_000271.png labels/frame_000271.png
images/frame_000190.png labels/frame_000190.png
images/frame_000085.png labels/frame_000085.png
images/frame_000504_rot_blur.png labels/frame_000504_rot_blur.png
images/frame_000212_rot_blur.png labels/frame_000212_rot_blur.png
images/frame_000266.png labels/frame_000266.png
images/frame_000623.png labels/frame_000623.png
images/frame_000527_rot_blur.png labels/frame_000527_rot_blur.png
images/frame_000405_rot_blur.png labels/frame_000405_rot_blur.png
images/frame_000109.png labels/frame_000109.png
images/frame_000291_rot_blur.png labels/frame_000291_rot_blur.png
images/frame_000526.png labels/frame_000526.png
images/frame_000298.png labels/frame_000298.png
images/frame_000598_rot_blur.png labels/frame_000598_rot_blur.png
images/frame_000653.png labels/frame_000653.png
images/frame_000485.png labels/frame_000485.png
images/frame_000548.png labels/frame_000548.png
images/frame_000628.png labels/frame_000628.png
images/frame_000169_rot_blur.png labels/frame_000169_rot_blur.png
images/frame_000263_rot_blur.png labels/frame_000263_rot_blur.png
images/frame_000396_rot_blur.png labels/frame_000396_rot_blur.png
images/frame_000658.png labels/frame_000658.png
images/frame_000024_rot_blur.png labels/frame_000024_rot_blur.png
images/frame_000029.png labels/frame_000029.png
images/frame_000573.png labels/frame_000573.png
images/frame_000315_rot_blur.png labels/frame_000315_rot_blur.png
images/frame_000033_rot_blur.png labels/frame_000033_rot_blur.png
images/frame_000191.png labels/frame_000191.png
images/frame_000672.png labels/frame_000672.png
images/frame_000283_rot_blur.png labels/frame_000283_rot_blur.png
images/frame_000520_rot_blur.png labels/frame_000520_rot_blur.png
images/frame_000079.png labels/frame_000079.png
images/frame_000283.png labels/frame_000283.png
images/frame_000286.png labels/frame_000286.png
images/frame_000185_rot_blur.png labels/frame_000185_rot_blur.png
images/frame_000433_rot_blur.png labels/frame_000433_rot_blur.png
images/frame_000267_rot_blur.png labels/frame_000267_rot_blur.png
images/frame_000439_rot_blur.png labels/frame_000439_rot_blur.png
images/frame_000028.png labels/frame_000028.png
images/frame_000104.png labels/frame_000104.png
images/frame_000579_rot_blur.png labels/frame_000579_rot_blur.png
images/frame_000276_rot_blur.png labels/frame_000276_rot_blur.png
images/frame_000432_rot_blur.png labels/frame_000432_rot_blur.png
images/frame_000016.png labels/frame_000016.png
images/frame_000355_rot_blur.png labels/frame_000355_rot_blur.png
images/frame_000602.png labels/frame_000602.png
images/frame_000443_rot_blur.png labels/frame_000443_rot_blur.png
images/frame_000158.png labels/frame_000158.png
images/frame_000057_rot_blur.png labels/frame_000057_rot_blur.png
images/frame_000652_rot_blur.png labels/frame_000652_rot_blur.png
images/frame_000307.png labels/frame_000307.png
images/frame_000538_rot_blur.png labels/frame_000538_rot_blur.png
images/frame_000459.png labels/frame_000459.png
images/frame_000268.png labels/frame_000268.png
images/frame_000078.png labels/frame_000078.png
images/frame_000064.png labels/frame_000064.png
images/frame_000159.png labels/frame_000159.png
images/frame_000588.png labels/frame_000588.png
images/frame_000292_rot_blur.png labels/frame_000292_rot_blur.png
images/frame_000279.png labels/frame_000279.png
images/frame_000483.png labels/frame_000483.png
images/frame_000180_rot_blur.png labels/frame_000180_rot_blur.png
images/frame_000401.png labels/frame_000401.png
images/frame_000368_rot_blur.png labels/frame_000368_rot_blur.png
images/frame_000096.png labels/frame_000096.png
images/frame_000656_rot_blur.png labels/frame_000656_rot_blur.png
images/frame_000116_rot_blur.png labels/frame_000116_rot_blur.png
images/frame_000246_rot_blur.png labels/frame_000246_rot_blur.png
images/frame_000163_rot_blur.png labels/frame_000163_rot_blur.png
images/frame_000436.png labels/frame_000436.png
images/frame_000232.png labels/frame_000232.png
images/frame_000670.png labels/frame_000670.png
images/frame_000261.png labels/frame_000261.png
images/frame_000373.png labels/frame_000373.png
images/frame_000424_rot_blur.png labels/frame_000424_rot_blur.png
images/frame_000570_rot_blur.png labels/frame_000570_rot_blur.png
images/frame_000313.png labels/frame_000313.png
images/frame_000048.png labels/frame_000048.png
images/frame_000390_rot_blur.png labels/frame_000390_rot_blur.png
images/frame_000492_rot_blur.png labels/frame_000492_rot_blur.png
images/frame_000280_rot_blur.png labels/frame_000280_rot_blur.png
images/frame_000638_rot_blur.png labels/frame_000638_rot_blur.png
images/frame_000542_rot_blur.png labels/frame_000542_rot_blur.png
images/frame_000056_rot_blur.png labels/frame_000056_rot_blur.png
images/frame_000663_rot_blur.png labels/frame_000663_rot_blur.png
images/frame_000358.png labels/frame_000358.png
images/frame_000267.png labels/frame_000267.png
images/frame_000043.png labels/frame_000043.png
images/frame_000248_rot_blur.png labels/frame_000248_rot_blur.png
images/frame_000174.png labels/frame_000174.png
images/frame_000450_rot_blur.png labels/frame_000450_rot_blur.png
images/frame_000398.png labels/frame_000398.png
images/frame_000022.png labels/frame_000022.png
images/frame_000247.png labels/frame_000247.png
images/frame_000032_rot_blur.png labels/frame_000032_rot_blur.png
images/frame_000649.png labels/frame_000649.png
images/frame_000084.png labels/frame_000084.png
images/frame_000465_rot_blur.png labels/frame_000465_rot_blur.png
images/frame_000609.png labels/frame_000609.png
images/frame_000021_rot_blur.png labels/frame_000021_rot_blur.png
images/frame_000309.png labels/frame_000309.png
images/frame_000181_rot_blur.png labels/frame_000181_rot_blur.png
images/frame_000143_rot_blur.png labels/frame_000143_rot_blur.png
images/frame_000298_rot_blur.png labels/frame_000298_rot_blur.png
images/frame_000141.png labels/frame_000141.png
images/frame_000073_rot_blur.png labels/frame_000073_rot_blur.png
images/frame_000607.png labels/frame_000607.png
images/frame_000145_rot_blur.png labels/frame_000145_rot_blur.png
images/frame_000654_rot_blur.png labels/frame_000654_rot_blur.png
images/frame_000350_rot_blur.png labels/frame_000350_rot_blur.png
images/frame_000070.png labels/frame_000070.png
images/frame_000229.png labels/frame_000229.png
images/frame_000437_rot_blur.png labels/frame_000437_rot_blur.png
images/frame_000498_rot_blur.png labels/frame_000498_rot_blur.png
images/frame_000558_rot_blur.png labels/frame_000558_rot_blur.png
images/frame_000587.png labels/frame_000587.png
images/frame_000185.png labels/frame_000185.png
images/frame_000529.png labels/frame_000529.png
images/frame_000422.png labels/frame_000422.png
images/frame_000655_rot_blur.png labels/frame_000655_rot_blur.png
images/frame_000381.png labels/frame_000381.png
images/frame_000352_rot_blur.png labels/frame_000352_rot_blur.png
images/frame_000087_rot_blur.png labels/frame_000087_rot_blur.png
images/frame_000122.png labels/frame_000122.png
images/frame_000650.png labels/frame_000650.png
images/frame_000315.png labels/frame_000315.png
images/frame_000444.png labels/frame_000444.png
images/frame_000144_rot_blur.png labels/frame_000144_rot_blur.png
images/frame_000219.png labels/frame_000219.png
images/frame_000481.png labels/frame_000481.png
images/frame_000165_rot_blur.png labels/frame_000165_rot_blur.png
images/frame_000578_rot_blur.png labels/frame_000578_rot_blur.png
images/frame_000148.png labels/frame_000148.png
images/frame_000005.png labels/frame_000005.png
images/frame_000521_rot_blur.png labels/frame_000521_rot_blur.png
images/frame_000215.png labels/frame_000215.png
images/frame_000564.png labels/frame_000564.png
images/frame_000214_rot_blur.png labels/frame_000214_rot_blur.png
images/frame_000274.png labels/frame_000274.png
images/frame_000625_rot_blur.png labels/frame_000625_rot_blur.png
images/frame_000264_rot_blur.png labels/frame_000264_rot_blur.png
images/frame_000455.png labels/frame_000455.png
images/frame_000213_rot_blur.png labels/frame_000213_rot_blur.png
images/frame_000586.png labels/frame_000586.png
images/frame_000404_rot_blur.png labels/frame_000404_rot_blur.png
images/frame_000306_rot_blur.png labels/frame_000306_rot_blur.png
images/frame_000359.png labels/frame_000359.png
images/frame_000513_rot_blur.png labels/frame_000513_rot_blur.png
images/frame_000330.png labels/frame_000330.png
images/frame_000014_rot_blur.png labels/frame_000014_rot_blur.png
images/frame_000670_rot_blur.png labels/frame_000670_rot_blur.png
images/frame_000029_rot_blur.png labels/frame_000029_rot_blur.png
images/frame_000333.png labels/frame_000333.png
images/frame_000421_rot_blur.png labels/frame_000421_rot_blur.png
images/frame_000598.png labels/frame_000598.png
images/frame_000419.png labels/frame_000419.png
images/frame_000626_rot_blur.png labels/frame_000626_rot_blur.png
images/frame_000245.png labels/frame_000245.png
images/frame_000412.png labels/frame_000412.png
images/frame_000302_rot_blur.png labels/frame_000302_rot_blur.png
images/frame_000285.png labels/frame_000285.png
images/frame_000647_rot_blur.png labels/frame_000647_rot_blur.png
images/frame_000454_rot_blur.png labels/frame_000454_rot_blur.png
images/frame_000092.png labels/frame_000092.png
images/frame_000336_rot_blur.png labels/frame_000336_rot_blur.png
images/frame_000040_rot_blur.png labels/frame_000040_rot_blur.png
images/frame_000643.png labels/frame_000643.png
images/frame_000294_rot_blur.png labels/frame_000294_rot_blur.png
images/frame_000133.png labels/frame_000133.png
images/frame_000611.png labels/frame_000611.png
images/frame_000143.png labels/frame_000143.png
images/frame_000546_rot_blur.png labels/frame_000546_rot_blur.png
images/frame_000216_rot_blur.png labels/frame_000216_rot_blur.png
images/frame_000127.png labels/frame_000127.png
images/frame_000409.png labels/frame_000409.png
images/frame_000061_rot_blur.png labels/frame_000061_rot_blur.png
images/frame_000596_rot_blur.png labels/frame_000596_rot_blur.png
images/frame_000164.png labels/frame_000164.png
images/frame_000434_rot_blur.png labels/frame_000434_rot_blur.png
images/frame_000035.png labels/frame_000035.png
images/frame_000473_rot_blur.png labels/frame_000473_rot_blur.png
images/frame_000295.png labels/frame_000295.png
images/frame_000517.png labels/frame_000517.png
images/frame_000176.png labels/frame_000176.png
images/frame_000599_rot_blur.png labels/frame_000599_rot_blur.png
images/frame_000211.png labels/frame_000211.png
images/frame_000241.png labels/frame_000241.png
images/frame_000552_rot_blur.png labels/frame_000552_rot_blur.png
images/frame_000263.png labels/frame_000263.png
images/frame_000110_rot_blur.png labels/frame_000110_rot_blur.png
images/frame_000630.png labels/frame_000630.png
images/frame_000461.png labels/frame_000461.png
images/frame_000641_rot_blur.png labels/frame_000641_rot_blur.png
