images/frame_000391.png labels/frame_000391.png
images/frame_000006.png labels/frame_000006.png
images/frame_000606.png labels/frame_000606.png
images/frame_000085_rot_blur.png labels/frame_000085_rot_blur.png
images/frame_000299.png labels/frame_000299.png
images/frame_000619_rot_blur.png labels/frame_000619_rot_blur.png
images/frame_000130.png labels/frame_000130.png
images/frame_000462_rot_blur.png labels/frame_000462_rot_blur.png
images/frame_000662.png labels/frame_000662.png
images/frame_000339.png labels/frame_000339.png
images/frame_000556_rot_blur.png labels/frame_000556_rot_blur.png
images/frame_000352.png labels/frame_000352.png
images/frame_000166.png labels/frame_000166.png
images/frame_000177_rot_blur.png labels/frame_000177_rot_blur.png
images/frame_000069.png labels/frame_000069.png
images/frame_000190_rot_blur.png labels/frame_000190_rot_blur.png
images/frame_000146.png labels/frame_000146.png
images/frame_000550.png labels/frame_000550.png
images/frame_000385_rot_blur.png labels/frame_000385_rot_blur.png
images/frame_000070_rot_blur.png labels/frame_000070_rot_blur.png
images/frame_000345_rot_blur.png labels/frame_000345_rot_blur.png
images/frame_000591.png labels/frame_000591.png
images/frame_000280.png labels/frame_000280.png
images/frame_000069_rot_blur.png labels/frame_000069_rot_blur.png
images/frame_000664_rot_blur.png labels/frame_000664_rot_blur.png
images/frame_000551.png labels/frame_000551.png
images/frame_000112.png labels/frame_000112.png
images/frame_000291.png labels/frame_000291.png
images/frame_000137.png labels/frame_000137.png
images/frame_000161_rot_blur.png labels/frame_000161_rot_blur.png
images/frame_000528_rot_blur.png labels/frame_000528_rot_blur.png
images/frame_000204_rot_blur.png labels/frame_000204_rot_blur.png
images/frame_000162_rot_blur.png labels/frame_000162_rot_blur.png
images/frame_000299_rot_blur.png labels/frame_000299_rot_blur.png
images/frame_000149_rot_blur.png labels/frame_000149_rot_blur.png
images/frame_000617_rot_blur.png labels/frame_000617_rot_blur.png
images/frame_000396.png labels/frame_000396.png
images/frame_000275_rot_blur.png labels/frame_000275_rot_blur.png
images/frame_000627.png labels/frame_000627.png
images/frame_000360_rot_blur.png labels/frame_000360_rot_blur.png
images/frame_000610.png labels/frame_000610.png
images/frame_000389.png labels/frame_000389.png
images/frame_000357_rot_blur.png labels/frame_000357_rot_blur.png
images/frame_000419_rot_blur.png labels/frame_000419_rot_blur.png
images/frame_000305.png labels/frame_000305.png
images/frame_000474_rot_blur.png labels/frame_000474_rot_blur.png
images/frame_000368.png labels/frame_000368.png
images/frame_000314.png labels/frame_000314.png
images/frame_000365.png labels/frame_000365.png
images/frame_000546.png labels/frame_000546.png
images/frame_000239_rot_blur.png labels/frame_000239_rot_blur.png
images/frame_000308_rot_blur.png labels/frame_000308_rot_blur.png
images/frame_000662_rot_blur.png labels/frame_000662_rot_blur.png
images/frame_000160_rot_blur.png labels/frame_000160_rot_blur.png
images/frame_000442_rot_blur.png labels/frame_000442_rot_blur.png
images/frame_000556.png labels/frame_000556.png
images/frame_000449.png labels/frame_000449.png
images/frame_000523_rot_blur.png labels/frame_000523_rot_blur.png
images/frame_000629_rot_blur.png labels/frame_000629_rot_blur.png
images/frame_000019_rot_blur.png labels/frame_000019_rot_blur.png
images/frame_000015.png labels/frame_000015.png
images/frame_000121.png labels/frame_000121.png
images/frame_000369_rot_blur.png labels/frame_000369_rot_blur.png
images/frame_000617.png labels/frame_000617.png
images/frame_000068.png labels/frame_000068.png
images/frame_000155.png labels/frame_000155.png
images/frame_000563_rot_blur.png labels/frame_000563_rot_blur.png
images/frame_000292.png labels/frame_000292.png
images/frame_000239.png labels/frame_000239.png
images/frame_000606_rot_blur.png labels/frame_000606_rot_blur.png
images/frame_000554.png labels/frame_000554.png
images/frame_000671.png labels/frame_000671.png
images/frame_000615_rot_blur.png labels/frame_000615_rot_blur.png
images/frame_000001_rot_blur.png labels/frame_000001_rot_blur.png
images/frame_000055_rot_blur.png labels/frame_000055_rot_blur.png
images/frame_000462.png labels/frame_000462.png
images/frame_000583.png labels/frame_000583.png
images/frame_000589.png labels/frame_000589.png
images/frame_000516_rot_blur.png labels/frame_000516_rot_blur.png
images/frame_000325.png labels/frame_000325.png
images/frame_000469.png labels/frame_000469.png
images/frame_000188.png labels/frame_000188.png
images/frame_000544_rot_blur.png labels/frame_000544_rot_blur.png
images/frame_000226_rot_blur.png labels/frame_000226_rot_blur.png
images/frame_000553.png labels/frame_000553.png
images/frame_000157.png labels/frame_000157.png
images/frame_000219_rot_blur.png labels/frame_000219_rot_blur.png
images/frame_000221.png labels/frame_000221.png
images/frame_000673_rot_blur.png labels/frame_000673_rot_blur.png
images/frame_000159_rot_blur.png labels/frame_000159_rot_blur.png
images/frame_000426.png labels/frame_000426.png
images/frame_000533_rot_blur.png labels/frame_000533_rot_blur.png
images/frame_000002_rot_blur.png labels/frame_000002_rot_blur.png
images/frame_000050.png labels/frame_000050.png
images/frame_000212.png labels/frame_000212.png
images/frame_000401_rot_blur.png labels/frame_000401_rot_blur.png
images/frame_000655.png labels/frame_000655.png
images/frame_000312.png labels/frame_000312.png
images/frame_000468.png labels/frame_000468.png
images/frame_000211_rot_blur.png labels/frame_000211_rot_blur.png
images/frame_000511_rot_blur.png labels/frame_000511_rot_blur.png
images/frame_000383_rot_blur.png labels/frame_000383_rot_blur.png
images/frame_000318.png labels/frame_000318.png
images/frame_000551_rot_blur.png labels/frame_000551_rot_blur.png
images/frame_000515_rot_blur.png labels/frame_000515_rot_blur.png
images/frame_000113_rot_blur.png labels/frame_000113_rot_blur.png
images/frame_000562.png labels/frame_000562.png
images/frame_000348_rot_blur.png labels/frame_000348_rot_blur.png
images/frame_000667.png labels/frame_000667.png
images/frame_000403_rot_blur.png labels/frame_000403_rot_blur.png
images/frame_000033.png labels/frame_000033.png
images/frame_000605_rot_blur.png labels/frame_000605_rot_blur.png
images/frame_000406_rot_blur.png labels/frame_000406_rot_blur.png
images/frame_000105_rot_blur.png labels/frame_000105_rot_blur.png
images/frame_000601_rot_blur.png labels/frame_000601_rot_blur.png
images/frame_000294.png labels/frame_000294.png
images/frame_000451_rot_blur.png labels/frame_000451_rot_blur.png
images/frame_000648.png labels/frame_000648.png
images/frame_000668_rot_blur.png labels/frame_000668_rot_blur.png
images/frame_000654.png labels/frame_000654.png
images/frame_000376.png labels/frame_000376.png
images/frame_000271_rot_blur.png labels/frame_000271_rot_blur.png
images/frame_000608.png labels/frame_000608.png
images/frame_000429.png labels/frame_000429.png
images/frame_000631.png labels/frame_000631.png
images/frame_000503.png labels/frame_000503.png
images/frame_000136_rot_blur.png labels/frame_000136_rot_blur.png
images/frame_000297.png labels/frame_000297.png
images/frame_000181.png labels/frame_000181.png
images/frame_000001.png labels/frame_000001.png
images/frame_000003.png labels/frame_000003.png
images/frame_000155_rot_blur.png labels/frame_000155_rot_blur.png
images/frame_000597_rot_blur.png labels/frame_000597_rot_blur.png
images/frame_000385.png labels/frame_000385.png
images/frame_000666_rot_blur.png labels/frame_000666_rot_blur.png
images/frame_000107_rot_blur.png labels/frame_000107_rot_blur.png
images/frame_000410.png labels/frame_000410.png
images/frame_000013_rot_blur.png labels/frame_000013_rot_blur.png
images/frame_000471_rot_blur.png labels/frame_000471_rot_blur.png
images/frame_000355.png labels/frame_000355.png
images/frame_000602_rot_blur.png labels/frame_000602_rot_blur.png
images/frame_000310_rot_blur.png labels/frame_000310_rot_blur.png
images/frame_000339_rot_blur.png labels/frame_000339_rot_blur.png
images/frame_000347_rot_blur.png labels/frame_000347_rot_blur.png
images/frame_000128.png labels/frame_000128.png
images/frame_000012_rot_blur.png labels/frame_000012_rot_blur.png
images/frame_000168.png labels/frame_000168.png
images/frame_000023_rot_blur.png labels/frame_000023_rot_blur.png
images/frame_000053.png labels/frame_000053.png
images/frame_000505_rot_blur.png labels/frame_000505_rot_blur.png
images/frame_000027_rot_blur.png labels/frame_000027_rot_blur.png
images/frame_000332_rot_blur.png labels/frame_000332_rot_blur.png
images/frame_000106_rot_blur.png labels/frame_000106_rot_blur.png
images/frame_000060.png labels/frame_000060.png
images/frame_000377.png labels/frame_000377.png
images/frame_000460_rot_blur.png labels/frame_000460_rot_blur.png
images/frame_000036.png labels/frame_000036.png
images/frame_000321_rot_blur.png labels/frame_000321_rot_blur.png
images/frame_000627_rot_blur.png labels/frame_000627_rot_blur.png
images/frame_000022_rot_blur.png labels/frame_000022_rot_blur.png
images/frame_000506_rot_blur.png labels/frame_000506_rot_blur.png
images/frame_000261_rot_blur.png labels/frame_000261_rot_blur.png
images/frame_000356.png labels/frame_000356.png
images/frame_000353_rot_blur.png labels/frame_000353_rot_blur.png
images/frame_000327.png labels/frame_000327.png
images/frame_000266_rot_blur.png labels/frame_000266_rot_blur.png
images/frame_000232_rot_blur.png labels/frame_000232_rot_blur.png
images/frame_000441.png labels/frame_000441.png
images/frame_000577_rot_blur.png labels/frame_000577_rot_blur.png
images/frame_000491.png labels/frame_000491.png
images/frame_000030.png labels/frame_000030.png
images/frame_000046.png labels/frame_000046.png
images/frame_000289_rot_blur.png labels/frame_000289_rot_blur.png
images/frame_000097.png labels/frame_000097.png
images/frame_000140.png labels/frame_000140.png
images/frame_000179_rot_blur.png labels/frame_000179_rot_blur.png
images/frame_000259_rot_blur.png labels/frame_000259_rot_blur.png
images/frame_000500.png labels/frame_000500.png
images/frame_000317.png labels/frame_000317.png
images/frame_000091.png labels/frame_000091.png
images/frame_000055.png labels/frame_000055.png
images/frame_000446_rot_blur.png labels/frame_000446_rot_blur.png
images/frame_000582.png labels/frame_000582.png
images/frame_000102.png labels/frame_000102.png
images/frame_000671_rot_blur.png labels/frame_000671_rot_blur.png
images/frame_000511.png labels/frame_000511.png
images/frame_000272_rot_blur.png labels/frame_000272_rot_blur.png
images/frame_000408.png labels/frame_000408.png
images/frame_000504.png labels/frame_000504.png
images/frame_000350.png labels/frame_000350.png
images/frame_000311.png labels/frame_000311.png
images/frame_000091_rot_blur.png labels/frame_000091_rot_blur.png
images/frame_000068_rot_blur.png labels/frame_000068_rot_blur.png
images/frame_000399.png labels/frame_000399.png
images/frame_000040.png labels/frame_000040.png
images/frame_000549.png labels/frame_000549.png
images/frame_000500_rot_blur.png labels/frame_000500_rot_blur.png
images/frame_000270_rot_blur.png labels/frame_000270_rot_blur.png
images/frame_000656.png labels/frame_000656.png
images/frame_000240.png labels/frame_000240.png
images/frame_000082_rot_blur.png labels/frame_000082_rot_blur.png
images/frame_000124.png labels/frame_000124.png
images/frame_000153_rot_blur.png labels/frame_000153_rot_blur.png
images/frame_000482.png labels/frame_000482.png
images/frame_000437.png labels/frame_000437.png
images/frame_000167.png labels/frame_000167.png
images/frame_000048_rot_blur.png labels/frame_000048_rot_blur.png
images/frame_000562_rot_blur.png labels/frame_000562_rot_blur.png
images/frame_000387.png labels/frame_000387.png
images/frame_000624_rot_blur.png labels/frame_000624_rot_blur.png
images/frame_000557.png labels/frame_000557.png
images/frame_000434.png labels/frame_000434.png
images/frame_000603_rot_blur.png labels/frame_000603_rot_blur.png
images/frame_000360.png labels/frame_000360.png
images/frame_000612.png labels/frame_000612.png
images/frame_000151.png labels/frame_000151.png
images/frame_000604.png labels/frame_000604.png
images/frame_000194.png labels/frame_000194.png
images/frame_000117_rot_blur.png labels/frame_000117_rot_blur.png
images/frame_000675_rot_blur.png labels/frame_000675_rot_blur.png
images/frame_000449_rot_blur.png labels/frame_000449_rot_blur.png
images/frame_000152_rot_blur.png labels/frame_000152_rot_blur.png
images/frame_000487.png labels/frame_000487.png
images/frame_000548_rot_blur.png labels/frame_000548_rot_blur.png
images/frame_000124_rot_blur.png labels/frame_000124_rot_blur.png
images/frame_000479.png labels/frame_000479.png
images/frame_000470.png labels/frame_000470.png
images/frame_000035_rot_blur.png labels/frame_000035_rot_blur.png
images/frame_000047.png labels/frame_000047.png
images/frame_000346_rot_blur.png labels/frame_000346_rot_blur.png
images/frame_000016_rot_blur.png labels/frame_000016_rot_blur.png
images/frame_000520.png labels/frame_000520.png
images/frame_000224.png labels/frame_000224.png
images/frame_000222_rot_blur.png labels/frame_000222_rot_blur.png
images/frame_000517_rot_blur.png labels/frame_000517_rot_blur.png
images/frame_000495.png labels/frame_000495.png
images/frame_000429_rot_blur.png labels/frame_000429_rot_blur.png
images/frame_000038_rot_blur.png labels/frame_000038_rot_blur.png
images/frame_000042.png labels/frame_000042.png
images/frame_000363_rot_blur.png labels/frame_000363_rot_blur.png
images/frame_000041.png labels/frame_000041.png
images/frame_000228_rot_blur.png labels/frame_000228_rot_blur.png
images/frame_000405.png labels/frame_000405.png
images/frame_000467.png labels/frame_000467.png
images/frame_000218.png labels/frame_000218.png
images/frame_000322.png labels/frame_000322.png
images/frame_000371_rot_blur.png labels/frame_000371_rot_blur.png
images/frame_000540.png labels/frame_000540.png
images/frame_000202.png labels/frame_000202.png
images/frame_000589_rot_blur.png labels/frame_000589_rot_blur.png
images/frame_000585.png labels/frame_000585.png
images/frame_000544.png labels/frame_000544.png
images/frame_000052.png labels/frame_000052.png
images/frame_000304_rot_blur.png labels/frame_000304_rot_blur.png
images/frame_000341.png labels/frame_000341.png
images/frame_000382.png labels/frame_000382.png
images/frame_000031.png labels/frame_000031.png
images/frame_000140_rot_blur.png labels/frame_000140_rot_blur.png
images/frame_000416.png labels/frame_000416.png
images/frame_000119.png labels/frame_000119.png
images/frame_000111_rot_blur.png labels/frame_000111_rot_blur.png
images/frame_000072_rot_blur.png labels/frame_000072_rot_blur.png
images/frame_000630_rot_blur.png labels/frame_000630_rot_blur.png
images/frame_000186_rot_blur.png labels/frame_000186_rot_blur.png
images/frame_000059.png labels/frame_000059.png
images/frame_000509.png labels/frame_000509.png
images/frame_000125.png labels/frame_000125.png
images/frame_000650_rot_blur.png labels/frame_000650_rot_blur.png
images/frame_000004_rot_blur.png labels/frame_000004_rot_blur.png
images/frame_000224_rot_blur.png labels/frame_000224_rot_blur.png
images/frame_000127_rot_blur.png labels/frame_000127_rot_blur.png
images/frame_000296_rot_blur.png labels/frame_000296_rot_blur.png
images/frame_000194_rot_blur.png labels/frame_000194_rot_blur.png
images/frame_000393_rot_blur.png labels/frame_000393_rot_blur.png
images/frame_000628_rot_blur.png labels/frame_000628_rot_blur.png
images/frame_000278_rot_blur.png labels/frame_000278_rot_blur.png
images/frame_000230.png labels/frame_000230.png
images/frame_000622_rot_blur.png labels/frame_000622_rot_blur.png
images/frame_000072.png labels/frame_000072.png
images/frame_000250_rot_blur.png labels/frame_000250_rot_blur.png
images/frame_000624.png labels/frame_000624.png
images/frame_000269_rot_blur.png labels/frame_000269_rot_blur.png
images/frame_000088_rot_blur.png labels/frame_000088_rot_blur.png
images/frame_000651_rot_blur.png labels/frame_000651_rot_blur.png
images/frame_000386.png labels/frame_000386.png
images/frame_000569_rot_blur.png labels/frame_000569_rot_blur.png
images/frame_000637.png labels/frame_000637.png
images/frame_000428_rot_blur.png labels/frame_000428_rot_blur.png
images/frame_000672_rot_blur.png labels/frame_000672_rot_blur.png
images/frame_000003_rot_blur.png labels/frame_000003_rot_blur.png
images/frame_000353.png labels/frame_000353.png
images/frame_000333_rot_blur.png labels/frame_000333_rot_blur.png
images/frame_000600_rot_blur.png labels/frame_000600_rot_blur.png
images/frame_000178_rot_blur.png labels/frame_000178_rot_blur.png
images/frame_000164_rot_blur.png labels/frame_000164_rot_blur.png
images/frame_000444_rot_blur.png labels/frame_000444_rot_blur.png
images/frame_000519_rot_blur.png labels/frame_000519_rot_blur.png
images/frame_000657_rot_blur.png labels/frame_000657_rot_blur.png
images/frame_000129.png labels/frame_000129.png
images/frame_000632.png labels/frame_000632.png
images/frame_000186.png labels/frame_000186.png
images/frame_000489_rot_blur.png labels/frame_000489_rot_blur.png
images/frame_000379_rot_blur.png labels/frame_000379_rot_blur.png
images/frame_000071.png labels/frame_000071.png
images/frame_000262_rot_blur.png labels/frame_000262_rot_blur.png
images/frame_000515.png labels/frame_000515.png
images/frame_000414.png labels/frame_000414.png
images/frame_000512.png labels/frame_000512.png
images/frame_000642_rot_blur.png labels/frame_000642_rot_blur.png
images/frame_000220.png labels/frame_000220.png
images/frame_000265_rot_blur.png labels/frame_000265_rot_blur.png
images/frame_000461_rot_blur.png labels/frame_000461_rot_blur.png
images/frame_000113.png labels/frame_000113.png
images/frame_000430_rot_blur.png labels/frame_000430_rot_blur.png
images/frame_000114.png labels/frame_000114.png
images/frame_000586_rot_blur.png labels/frame_000586_rot_blur.png
images/frame_000106.png labels/frame_000106.png
images/frame_000039_rot_blur.png labels/frame_000039_rot_blur.png
images/frame_000074.png labels/frame_000074.png
images/frame_000474.png labels/frame_000474.png
images/frame_000335_rot_blur.png labels/frame_000335_rot_blur.png
images/frame_000523.png labels/frame_000523.png
images/frame_000446.png labels/frame_000446.png
images/frame_000372_rot_blur.png labels/frame_000372_rot_blur.png
images/frame_000066_rot_blur.png labels/frame_000066_rot_blur.png
images/frame_000494.png labels/frame_000494.png
images/frame_000204.png labels/frame_000204.png
images/frame_000423.png labels/frame_000423.png
images/frame_000253_rot_blur.png labels/frame_000253_rot_blur.png
images/frame_000535.png labels/frame_000535.png
images/frame_000252.png labels/frame_000252.png
images/frame_000425.png labels/frame_000425.png
images/frame_000173_rot_blur.png labels/frame_000173_rot_blur.png
images/frame_000193.png labels/frame_000193.png
images/frame_000000.png labels/frame_000000.png
images/frame_000180.png labels/frame_000180.png
images/frame_000639.png labels/frame_000639.png
images/frame_000237_rot_blur.png labels/frame_000237_rot_blur.png
images/frame_000579.png labels/frame_000579.png
images/frame_000582_rot_blur.png labels/frame_000582_rot_blur.png
images/frame_000659_rot_blur.png labels/frame_000659_rot_blur.png
images/frame_000476.png labels/frame_000476.png
images/frame_000391_rot_blur.png labels/frame_000391_rot_blur.png
images/frame_000086.png labels/frame_000086.png
images/frame_000225.png labels/frame_000225.png
images/frame_000062_rot_blur.png labels/frame_000062_rot_blur.png
images/frame_000403.png labels/frame_000403.png
images/frame_000265.png labels/frame_000265.png
images/frame_000356_rot_blur.png labels/frame_000356_rot_blur.png
images/frame_000045.png labels/frame_000045.png
images/frame_000653_rot_blur.png labels/frame_000653_rot_blur.png
images/frame_000090_rot_blur.png labels/frame_000090_rot_blur.png
images/frame_000493_rot_blur.png labels/frame_000493_rot_blur.png
images/frame_000207.png labels/frame_000207.png
images/frame_000125_rot_blur.png labels/frame_000125_rot_blur.png
images/frame_000034_rot_blur.png labels/frame_000034_rot_blur.png
images/frame_000065_rot_blur.png labels/frame_000065_rot_blur.png
images/frame_000150.png labels/frame_000150.png
images/frame_000421.png labels/frame_000421.png
images/frame_000163.png labels/frame_000163.png
images/frame_000660_rot_blur.png labels/frame_000660_rot_blur.png
images/frame_000499.png labels/frame_000499.png
images/frame_000249_rot_blur.png labels/frame_000249_rot_blur.png
images/frame_000465.png labels/frame_000465.png
images/frame_000182.png labels/frame_000182.png
images/frame_000247_rot_blur.png labels/frame_000247_rot_blur.png
images/frame_000629.png labels/frame_000629.png
images/frame_000169.png labels/frame_000169.png
images/frame_000210_rot_blur.png labels/frame_000210_rot_blur.png
images/frame_000082.png labels/frame_000082.png
images/frame_000014.png labels/frame_000014.png
images/frame_000258.png labels/frame_000258.png
images/frame_000096_rot_blur.png labels/frame_000096_rot_blur.png
images/frame_000399_rot_blur.png labels/frame_000399_rot_blur.png
images/frame_000492.png labels/frame_000492.png
images/frame_000084_rot_blur.png labels/frame_000084_rot_blur.png
images/frame_000472_rot_blur.png labels/frame_000472_rot_blur.png
images/frame_000326.png labels/frame_000326.png
images/frame_000086_rot_blur.png labels/frame_000086_rot_blur.png
images/frame_000259.png labels/frame_000259.png
images/frame_000549_rot_blur.png labels/frame_000549_rot_blur.png
images/frame_000443.png labels/frame_000443.png
images/frame_000245_rot_blur.png labels/frame_000245_rot_blur.png
images/frame_000036_rot_blur.png labels/frame_000036_rot_blur.png
images/frame_000566.png labels/frame_000566.png
images/frame_000293_rot_blur.png labels/frame_000293_rot_blur.png
images/frame_000489.png labels/frame_000489.png
images/frame_000328_rot_blur.png labels/frame_000328_rot_blur.png
images/frame_000117.png labels/frame_000117.png
images/frame_000366.png labels/frame_000366.png
images/frame_000107.png labels/frame_000107.png
images/frame_000081.png labels/frame_000081.png
images/frame_000066.png labels/frame_000066.png
images/frame_000534.png labels/frame_000534.png
images/frame_000463.png labels/frame_000463.png
images/frame_000555_rot_blur.png labels/frame_000555_rot_blur.png
images/frame_000092_rot_blur.png labels/frame_000092_rot_blur.png
images/frame_000020_rot_blur.png labels/frame_000020_rot_blur.png
images/frame_000346.png labels/frame_000346.png
images/frame_000054.png labels/frame_000054.png
images/frame_000019.png labels/frame_000019.png
images/frame_000284.png labels/frame_000284.png
images/frame_000408_rot_blur.png labels/frame_000408_rot_blur.png
images/frame_000572_rot_blur.png labels/frame_000572_rot_blur.png
images/frame_000649_rot_blur.png labels/frame_000649_rot_blur.png
images/frame_000241_rot_blur.png labels/frame_000241_rot_blur.png
images/frame_000234.png labels/frame_000234.png
images/frame_000012.png labels/frame_000012.png
images/frame_000498.png labels/frame_000498.png
images/frame_000427_rot_blur.png labels/frame_000427_rot_blur.png
images/frame_000593_rot_blur.png labels/frame_000593_rot_blur.png
images/frame_000571_rot_blur.png labels/frame_000571_rot_blur.png
images/frame_000183.png labels/frame_000183.png
images/frame_000252_rot_blur.png labels/frame_000252_rot_blur.png
images/frame_000594_rot_blur.png labels/frame_000594_rot_blur.png
images/frame_000191_rot_blur.png labels/frame_000191_rot_blur.png
images/frame_000367.png labels/frame_000367.png
images/frame_000358_rot_blur.png labels/frame_000358_rot_blur.png
images/frame_000601.png labels/frame_000601.png
images/frame_000227.png labels/frame_000227.png
images/frame_000132.png labels/frame_000132.png
images/frame_000545_rot_blur.png labels/frame_000545_rot_blur.png
images/frame_000116.png labels/frame_000116.png
images/frame_000222.png labels/frame_000222.png
images/frame_000197_rot_blur.png labels/frame_000197_rot_blur.png
images/frame_000469_rot_blur.png labels/frame_000469_rot_blur.png
images/frame_000088.png labels/frame_000088.png
images/frame_000009.png labels/frame_000009.png
images/frame_000592_rot_blur.png labels/frame_000592_rot_blur.png
images/frame_000445.png labels/frame_000445.png
images/frame_000170_rot_blur.png labels/frame_000170_rot_blur.png
images/frame_000432.png labels/frame_000432.png
images/frame_000297_rot_blur.png labels/frame_000297_rot_blur.png
images/frame_000030_rot_blur.png labels/frame_000030_rot_blur.png
images/frame_000136.png labels/frame_000136.png
images/frame_000547.png labels/frame_000547.png
images/frame_000634_rot_blur.png labels/frame_000634_rot_blur.png
images/frame_000139.png labels/frame_000139.png
images/frame_000525.png labels/frame_000525.png
images/frame_000347.png labels/frame_000347.png
images/frame_000184.png labels/frame_000184.png
images/frame_000622.png labels/frame_000622.png
images/frame_000018.png labels/frame_000018.png
images/frame_000367_rot_blur.png labels/frame_000367_rot_blur.png
images/frame_000600.png labels/frame_000600.png
images/frame_000331.png labels/frame_000331.png
images/frame_000491_rot_blur.png labels/frame_000491_rot_blur.png
images/frame_000488.png labels/frame_000488.png
images/frame_000273_rot_blur.png labels/frame_000273_rot_blur.png
images/frame_000539_rot_blur.png labels/frame_000539_rot_blur.png
images/frame_000344.png labels/frame_000344.png
images/frame_000369.png labels/frame_000369.png
images/frame_000095_rot_blur.png labels/frame_000095_rot_blur.png
images/frame_000228.png labels/frame_000228.png
images/frame_000196_rot_blur.png labels/frame_000196_rot_blur.png
images/frame_000337_rot_blur.png labels/frame_000337_rot_blur.png
images/frame_000380.png labels/frame_000380.png
images/frame_000665.png labels/frame_000665.png
images/frame_000364.png labels/frame_000364.png
images/frame_000209_rot_blur.png labels/frame_000209_rot_blur.png
images/frame_000187_rot_blur.png labels/frame_000187_rot_blur.png
images/frame_000206.png labels/frame_000206.png
images/frame_000037.png labels/frame_000037.png
images/frame_000632_rot_blur.png labels/frame_000632_rot_blur.png
images/frame_000530_rot_blur.png labels/frame_000530_rot_blur.png
images/frame_000250.png labels/frame_000250.png
images/frame_000412_rot_blur.png labels/frame_000412_rot_blur.png
images/frame_000570.png labels/frame_000570.png
images/frame_000308.png labels/frame_000308.png
images/frame_000057.png labels/frame_000057.png
images/frame_000208_rot_blur.png labels/frame_000208_rot_blur.png
images/frame_000300_rot_blur.png labels/frame_000300_rot_blur.png
images/frame_000302.png labels/frame_000302.png
images/frame_000674_rot_blur.png labels/frame_000674_rot_blur.png
images/frame_000044_rot_blur.png labels/frame_000044_rot_blur.png
images/frame_000424.png labels/frame_000424.png
images/frame_000518_rot_blur.png labels/frame_000518_rot_blur.png
images/frame_000646_rot_blur.png labels/frame_000646_rot_blur.png
images/frame_000376_rot_blur.png labels/frame_000376_rot_blur.png
images/frame_000249.png labels/frame_000249.png
images/frame_000540_rot_blur.png labels/frame_000540_rot_blur.png
images/frame_000537_rot_blur.png labels/frame_000537_rot_blur.png
images/frame_000536_rot_blur.png labels/frame_000536_rot_blur.png
images/frame_000005_rot_blur.png labels/frame_000005_rot_blur.png
images/frame_000198.png labels/frame_000198.png
images/frame_000476_rot_blur.png labels/frame_000476_rot_blur.png
images/frame_000277_rot_blur.png labels/frame_000277_rot_blur.png
images/frame_000021.png labels/frame_000021.png
images/frame_000420_rot_blur.png labels/frame_000420_rot_blur.png
images/frame_000083_rot_blur.png labels/frame_000083_rot_blur.png
images/frame_000208.png labels/frame_000208.png
images/frame_000288.png labels/frame_000288.png
images/frame_000417.png labels/frame_000417.png
images/frame_000133_rot_blur.png labels/frame_000133_rot_blur.png
images/frame_000645.png labels/frame_000645.png
images/frame_000213.png labels/frame_000213.png
images/frame_000345.png labels/frame_000345.png
images/frame_000272.png labels/frame_000272.png
images/frame_000633.png labels/frame_000633.png
images/frame_000337.png labels/frame_000337.png
images/frame_000344_rot_blur.png labels/frame_000344_rot_blur.png
images/frame_000596.png labels/frame_000596.png
images/frame_000425_rot_blur.png labels/frame_000425_rot_blur.png
images/frame_000661_rot_blur.png labels/frame_000661_rot_blur.png
images/frame_000079_rot_blur.png labels/frame_000079_rot_blur.png
images/frame_000447_rot_blur.png labels/frame_000447_rot_blur.png
images/frame_000588_rot_blur.png labels/frame_000588_rot_blur.png
images/frame_000128_rot_blur.png labels/frame_000128_rot_blur.png
images/frame_000527.png labels/frame_000527.png
images/frame_000167_rot_blur.png labels/frame_000167_rot_blur.png
images/frame_000635.png labels/frame_000635.png
images/frame_000007_rot_blur.png labels/frame_000007_rot_blur.png
images/frame_000257_rot_blur.png labels/frame_000257_rot_blur.png
images/frame_000162.png labels/frame_000162.png
images/frame_000384.png labels/frame_000384.png
images/frame_000303_rot_blur.png labels/frame_000303_rot_blur.png
images/frame_000595.png labels/frame_000595.png
images/frame_000499_rot_blur.png labels/frame_000499_rot_blur.png
images/frame_000466_rot_blur.png labels/frame_000466_rot_blur.png
images/frame_000452_rot_blur.png labels/frame_000452_rot_blur.png
images/frame_000111.png labels/frame_000111.png
images/frame_000089_rot_blur.png labels/frame_000089_rot_blur.png
images/frame_000488_rot_blur.png labels/frame_000488_rot_blur.png
images/frame_000049_rot_blur.png labels/frame_000049_rot_blur.png
images/frame_000418.png labels/frame_000418.png
images/frame_000378_rot_blur.png labels/frame_000378_rot_blur.png
images/frame_000260_rot_blur.png labels/frame_000260_rot_blur.png
images/frame_000380_rot_blur.png labels/frame_000380_rot_blur.png
images/frame_000011.png labels/frame_000011.png
images/frame_000178.png labels/frame_000178.png
images/frame_000366_rot_blur.png labels/frame_000366_rot_blur.png
images/frame_000565_rot_blur.png labels/frame_000565_rot_blur.png
images/frame_000626.png labels/frame_000626.png
images/frame_000305_rot_blur.png labels/frame_000305_rot_blur.png
images/frame_000575.png labels/frame_000575.png
images/frame_000170.png labels/frame_000170.png
images/frame_000215_rot_blur.png labels/frame_000215_rot_blur.png
images/frame_000494_rot_blur.png labels/frame_000494_rot_blur.png
images/frame_000108_rot_blur.png labels/frame_000108_rot_blur.png
images/frame_000455_rot_blur.png labels/frame_000455_rot_blur.png
images/frame_000101_rot_blur.png labels/frame_000101_rot_blur.png
images/frame_000545.png labels/frame_000545.png
images/frame_000550_rot_blur.png labels/frame_000550_rot_blur.png
images/frame_000046_rot_blur.png labels/frame_000046_rot_blur.png
images/frame_000505.png labels/frame_000505.png
images/frame_000034.png labels/frame_000034.png
images/frame_000590_rot_blur.png labels/frame_000590_rot_blur.png
images/frame_000142.png labels/frame_000142.png
images/frame_000348.png labels/frame_000348.png
images/frame_000042_rot_blur.png labels/frame_000042_rot_blur.png
images/frame_000217.png labels/frame_000217.png
images/frame_000502_rot_blur.png labels/frame_000502_rot_blur.png
images/frame_000076_rot_blur.png labels/frame_000076_rot_blur.png
images/frame_000037_rot_blur.png labels/frame_000037_rot_blur.png
images/frame_000587_rot_blur.png labels/frame_000587_rot_blur.png
images/frame_000675.png labels/frame_000675.png
images/frame_000394_rot_blur.png labels/frame_000394_rot_blur.png
images/frame_000290.png labels/frame_000290.png
images/frame_000223.png labels/frame_000223.png
images/frame_000351_rot_blur.png labels/frame_000351_rot_blur.png
images/frame_000094.png labels/frame_000094.png
images/frame_000135_rot_blur.png labels/frame_000135_rot_blur.png
images/frame_000568_rot_blur.png labels/frame_000568_rot_blur.png
images/frame_000442.png labels/frame_000442.png
images/frame_000118.png labels/frame_000118.png
images/frame_000243_rot_blur.png labels/frame_000243_rot_blur.png
images/frame_000652.png labels/frame_000652.png
images/frame_000279_rot_blur.png labels/frame_000279_rot_blur.png
images/frame_000058_rot_blur.png labels/frame_000058_rot_blur.png
images/frame_000318_rot_blur.png labels/frame_000318_rot_blur.png
images/frame_000608_rot_blur.png labels/frame_000608_rot_blur.png
images/frame_000400_rot_blur.png labels/frame_000400_rot_blur.png
images/frame_000375.png labels/frame_000375.png
images/frame_000256.png labels/frame_000256.png
images/frame_000316_rot_blur.png labels/frame_000316_rot_blur.png
images/frame_000496_rot_blur.png labels/frame_000496_rot_blur.png
images/frame_000580_rot_blur.png labels/frame_000580_rot_blur.png
images/frame_000453_rot_blur.png labels/frame_000453_rot_blur.png
images/frame_000612_rot_blur.png labels/frame_000612_rot_blur.png
images/frame_000063.png labels/frame_000063.png
images/frame_000395.png labels/frame_000395.png
images/frame_000414_rot_blur.png labels/frame_000414_rot_blur.png
images/frame_000058.png labels/frame_000058.png
images/frame_000236_rot_blur.png labels/frame_000236_rot_blur.png
images/frame_000370.png labels/frame_000370.png
images/frame_000571.png labels/frame_000571.png
images/frame_000475.png labels/frame_000475.png
images/frame_000028_rot_blur.png labels/frame_000028_rot_blur.png
images/frame_000301_rot_blur.png labels/frame_000301_rot_blur.png
images/frame_000393.png labels/frame_000393.png
images/frame_000415.png labels/frame_000415.png
images/frame_000059_rot_blur.png labels/frame_000059_rot_blur.png
images/frame_000328.png labels/frame_000328.png
images/frame_000543_rot_blur.png labels/frame_000543_rot_blur.png
images/frame_000334_rot_blur.png labels/frame_000334_rot_blur.png
images/frame_000052_rot_blur.png labels/frame_000052_rot_blur.png
images/frame_000317_rot_blur.png labels/frame_000317_rot_blur.png
images/frame_000184_rot_blur.png labels/frame_000184_rot_blur.png
images/frame_000134.png labels/frame_000134.png
images/frame_000327_rot_blur.png labels/frame_000327_rot_blur.png
images/frame_000409_rot_blur.png labels/frame_000409_rot_blur.png
images/frame_000467_rot_blur.png labels/frame_000467_rot_blur.png
images/frame_000411.png labels/frame_000411.png
images/frame_000433.png labels/frame_000433.png
images/frame_000023.png labels/frame_000023.png
images/frame_000174_rot_blur.png labels/frame_000174_rot_blur.png
images/frame_000583_rot_blur.png labels/frame_000583_rot_blur.png
images/frame_000495_rot_blur.png labels/frame_000495_rot_blur.png
images/frame_000438.png labels/frame_000438.png
images/frame_000386_rot_blur.png labels/frame_000386_rot_blur.png
images/frame_000097_rot_blur.png labels/frame_000097_rot_blur.png
images/frame_000051.png labels/frame_000051.png
images/frame_000002.png labels/frame_000002.png
images/frame_000309_rot_blur.png labels/frame_000309_rot_blur.png
images/frame_000501_rot_blur.png labels/frame_000501_rot_blur.png
images/frame_000285_rot_blur.png labels/frame_000285_rot_blur.png
images/frame_000026.png labels/frame_000026.png
images/frame_000131_rot_blur.png labels/frame_000131_rot_blur.png
images/frame_000620_rot_blur.png labels/frame_000620_rot_blur.png
images/frame_000616_rot_blur.png labels/frame_000616_rot_blur.png
images/frame_000221_rot_blur.png labels/frame_000221_rot_blur.png
images/frame_000501.png labels/frame_000501.png
images/frame_000418_rot_blur.png labels/frame_000418_rot_blur.png
images/frame_000603.png labels/frame_000603.png
images/frame_000152.png labels/frame_000152.png
images/frame_000531_rot_blur.png labels/frame_000531_rot_blur.png
images/frame_000156_rot_blur.png labels/frame_000156_rot_blur.png
images/frame_000074_rot_blur.png labels/frame_000074_rot_blur.png
images/frame_000287.png labels/frame_000287.png
images/frame_000025.png labels/frame_000025.png
images/frame_000539.png labels/frame_000539.png
images/frame_000363.png labels/frame_000363.png
images/frame_000416_rot_blur.png labels/frame_000416_rot_blur.png
images/frame_000235.png labels/frame_000235.png
images/frame_000485_rot_blur.png labels/frame_000485_rot_blur.png
images/frame_000326_rot_blur.png labels/frame_000326_rot_blur.png
images/frame_000199_rot_blur.png labels/frame_000199_rot_blur.png
images/frame_000255_rot_blur.png labels/frame_000255_rot_blur.png
images/frame_000160.png labels/frame_000160.png
images/frame_000009_rot_blur.png labels/frame_000009_rot_blur.png
images/frame_000342.png labels/frame_000342.png
images/frame_000017_rot_blur.png labels/frame_000017_rot_blur.png
images/frame_000451.png labels/frame_000451.png
images/frame_000413_rot_blur.png labels/frame_000413_rot_blur.png
images/frame_000605.png labels/frame_000605.png
images/frame_000203_rot_blur.png labels/frame_000203_rot_blur.png
images/frame_000460.png labels/frame_000460.png
images/frame_000268_rot_blur.png labels/frame_000268_rot_blur.png
images/frame_000379.png labels/frame_000379.png
images/frame_000122_rot_blur.png labels/frame_000122_rot_blur.png
images/frame_000392.png labels/frame_000392.png
images/frame_000244_rot_blur.png labels/frame_000244_rot_blur.png
images/frame_000077.png labels/frame_000077.png
images/frame_000480_rot_blur.png labels/frame_000480_rot_blur.png
images/frame_000426_rot_blur.png labels/frame_000426_rot_blur.png
images/frame_000312_rot_blur.png labels/frame_000312_rot_blur.png
images/frame_000342_rot_blur.png labels/frame_000342_rot_blur.png
images/frame_000284_rot_blur.png labels/frame_000284_rot_blur.png
images/frame_000644.png labels/frame_000644.png
images/frame_000008_rot_blur.png labels/frame_000008_rot_blur.png
images/frame_000063_rot_blur.png labels/frame_000063_rot_blur.png
images/frame_000463_rot_blur.png labels/frame_000463_rot_blur.png
images/frame_000490.png labels/frame_000490.png
images/frame_000663.png labels/frame_000663.png
images/frame_000095.png labels/frame_000095.png
images/frame_000496.png labels/frame_000496.png
images/frame_000660.png labels/frame_000660.png
images/frame_000303.png labels/frame_000303.png
images/frame_000090.png labels/frame_000090.png
images/frame_000150_rot_blur.png labels/frame_000150_rot_blur.png
images/frame_000248.png labels/frame_000248.png
images/frame_000584.png labels/frame_000584.png
images/frame_000567.png labels/frame_000567.png
images/frame_000560.png labels/frame_000560.png
images/frame_000258_rot_blur.png labels/frame_000258_rot_blur.png
images/frame_000534_rot_blur.png labels/frame_000534_rot_blur.png
images/frame_000238.png labels/frame_000238.png
images/frame_000078_rot_blur.png labels/frame_000078_rot_blur.png
images/frame_000008.png labels/frame_000008.png
images/frame_000536.png labels/frame_000536.png
images/frame_000273.png labels/frame_000273.png
images/frame_000329.png labels/frame_000329.png
images/frame_000555.png labels/frame_000555.png
images/frame_000509_rot_blur.png labels/frame_000509_rot_blur.png
images/frame_000567_rot_blur.png labels/frame_000567_rot_blur.png
images/frame_000479_rot_blur.png labels/frame_000479_rot_blur.png
images/frame_000636.png labels/frame_000636.png
images/frame_000141_rot_blur.png labels/frame_000141_rot_blur.png
images/frame_000398_rot_blur.png labels/frame_000398_rot_blur.png
images/frame_000112_rot_blur.png labels/frame_000112_rot_blur.png
images/frame_000013.png labels/frame_000013.png
images/frame_000218_rot_blur.png labels/frame_000218_rot_blur.png
images/frame_000657.png labels/frame_000657.png
images/frame_000114_rot_blur.png labels/frame_000114_rot_blur.png
images/frame_000018_rot_blur.png labels/frame_000018_rot_blur.png
images/frame_000374_rot_blur.png labels/frame_000374_rot_blur.png
images/frame_000522_rot_blur.png labels/frame_000522_rot_blur.png
images/frame_000234_rot_blur.png labels/frame_000234_rot_blur.png
images/frame_000578.png labels/frame_000578.png
images/frame_000664.png labels/frame_000664.png
images/frame_000343_rot_blur.png labels/frame_000343_rot_blur.png
images/frame_000621.png labels/frame_000621.png
images/frame_000319_rot_blur.png labels/frame_000319_rot_blur.png
images/frame_000585_rot_blur.png labels/frame_000585_rot_blur.png
images/frame_000674.png labels/frame_000674.png
images/frame_000614.png labels/frame_000614.png
images/frame_000400.png labels/frame_000400.png
images/frame_000080.png labels/frame_000080.png
images/frame_000478.png labels/frame_000478.png
images/frame_000410_rot_blur.png labels/frame_000410_rot_blur.png
images/frame_000574_rot_blur.png labels/frame_000574_rot_blur.png
images/frame_000438_rot_blur.png labels/frame_000438_rot_blur.png
images/frame_000456_rot_blur.png labels/frame_000456_rot_blur.png
images/frame_000076.png labels/frame_000076.png
images/frame_000618_rot_blur.png labels/frame_000618_rot_blur.png
images/frame_000254_rot_blur.png labels/frame_000254_rot_blur.png
images/frame_000594.png labels/frame_000594.png
images/frame_000051_rot_blur.png labels/frame_000051_rot_blur.png
images/frame_000293.png labels/frame_000293.png
images/frame_000599.png labels/frame_000599.png
images/frame_000026_rot_blur.png labels/frame_000026_rot_blur.png
images/frame_000075_rot_blur.png labels/frame_000075_rot_blur.png
images/frame_000201_rot_blur.png labels/frame_000201_rot_blur.png
images/frame_000103_rot_blur.png labels/frame_000103_rot_blur.png
images/frame_000639_rot_blur.png labels/frame_000639_rot_blur.png
images/frame_000561.png labels/frame_000561.png
images/frame_000004.png labels/frame_000004.png
images/frame_000507.png labels/frame_000507.png
images/frame_000530.png labels/frame_000530.png
images/frame_000226.png labels/frame_000226.png
images/frame_000126_rot_blur.png labels/frame_000126_rot_blur.png
images/frame_000448.png labels/frame_000448.png
images/frame_000604_rot_blur.png labels/frame_000604_rot_blur.png
images/frame_000440.png labels/frame_000440.png
images/frame_000638.png labels/frame_000638.png
images/frame_000311_rot_blur.png labels/frame_000311_rot_blur.png
images/frame_000172_rot_blur.png labels/frame_000172_rot_blur.png
images/frame_000581_rot_blur.png labels/frame_000581_rot_blur.png
images/frame_000131.png labels/frame_000131.png
images/frame_000075.png labels/frame_000075.png
images/frame_000236.png labels/frame_000236.png
images/frame_000320.png labels/frame_000320.png
images/frame_000669_rot_blur.png labels/frame_000669_rot_blur.png
images/frame_000636_rot_blur.png labels/frame_000636_rot_blur.png
images/frame_000275.png labels/frame_000275.png
images/frame_000464.png labels/frame_000464.png
images/frame_000244.png labels/frame_000244.png
images/frame_000610_rot_blur.png labels/frame_000610_rot_blur.png
images/frame_000073.png labels/frame_000073.png
images/frame_000201.png labels/frame_000201.png
images/frame_000477.png labels/frame_000477.png
images/frame_000634.png labels/frame_000634.png
images/frame_000329_rot_blur.png labels/frame_000329_rot_blur.png
images/frame_000231_rot_blur.png labels/frame_000231_rot_blur.png
images/frame_000093.png labels/frame_000093.png
images/frame_000573_rot_blur.png labels/frame_000573_rot_blur.png
images/frame_000304.png labels/frame_000304.png
images/frame_000071_rot_blur.png labels/frame_000071_rot_blur.png
images/frame_000375_rot_blur.png labels/frame_000375_rot_blur.png
images/frame_000490_rot_blur.png labels/frame_000490_rot_blur.png
images/frame_000098_rot_blur.png labels/frame_000098_rot_blur.png
images/frame_000441_rot_blur.png labels/frame_000441_rot_blur.png
images/frame_000139_rot_blur.png labels/frame_000139_rot_blur.png
images/frame_000146_rot_blur.png labels/frame_000146_rot_blur.png
images/frame_000614_rot_blur.png labels/frame_000614_rot_blur.png
images/frame_000200.png labels/frame_000200.png
images/frame_000061.png labels/frame_000061.png
images/frame_000101.png labels/frame_000101.png
images/frame_000417_rot_blur.png labels/frame_000417_rot_blur.png
images/frame_000123.png labels/frame_000123.png
images/frame_000642.png labels/frame_000642.png
images/frame_000635_rot_blur.png labels/frame_000635_rot_blur.png
images/frame_000576_rot_blur.png labels/frame_000576_rot_blur.png
images/frame_000192.png labels/frame_000192.png
images/frame_000427.png labels/frame_000427.png
images/frame_000109_rot_blur.png labels/frame_000109_rot_blur.png
images/frame_000320_rot_blur.png labels/frame_000320_rot_blur.png
images/frame_000000_rot_blur.png labels/frame_000000_rot_blur.png
images/frame_000056.png labels/frame_000056.png
images/frame_000349.png labels/frame_000349.png
images/frame_000645_rot_blur.png labels/frame_000645_rot_blur.png
images/frame_000475_rot_blur.png labels/frame_000475_rot_blur.png
images/frame_000595_rot_blur.png labels/frame_000595_rot_blur.png
images/frame_000609_rot_blur.png labels/frame_000609_rot_blur.png
images/frame_000220_rot_blur.png labels/frame_000220_rot_blur.png
images/frame_000568.png labels/frame_000568.png
images/frame_000331_rot_blur.png labels/frame_000331_rot_blur.png
images/frame_000618.png labels/frame_000618.png
images/frame_000158_rot_blur.png labels/frame_000158_rot_blur.png
images/frame_000324.png labels/frame_000324.png
images/frame_000354_rot_blur.png labels/frame_000354_rot_blur.png
images/frame_000486.png labels/frame_000486.png
images/frame_000313_rot_blur.png labels/frame_000313_rot_blur.png
images/frame_000316.png labels/frame_000316.png
images/frame_000659.png labels/frame_000659.png
images/frame_000623_rot_blur.png labels/frame_000623_rot_blur.png
images/frame_000397_rot_blur.png labels/frame_000397_rot_blur.png
images/frame_000322_rot_blur.png labels/frame_000322_rot_blur.png
images/frame_000506.png labels/frame_000506.png
images/frame_000278.png labels/frame_000278.png
images/frame_000340_rot_blur.png labels/frame_000340_rot_blur.png
images/frame_000288_rot_blur.png labels/frame_000288_rot_blur.png
images/frame_000554_rot_blur.png labels/frame_000554_rot_blur.png
images/frame_000591_rot_blur.png labels/frame_000591_rot_blur.png
images/frame_000262.png labels/frame_000262.png
images/frame_000529_rot_blur.png labels/frame_000529_rot_blur.png
images/frame_000270.png labels/frame_000270.png
images/frame_000597.png labels/frame_000597.png
images/frame_000374.png labels/frame_000374.png
images/frame_000625.png labels/frame_000625.png
images/frame_000242.png labels/frame_000242.png
images/frame_000047_rot_blur.png labels/frame_000047_rot_blur.png
images/frame_000510.png labels/frame_000510.png
images/frame_000281_rot_blur.png labels/frame_000281_rot_blur.png
images/frame_000371.png labels/frame_000371.png
images/frame_000431_rot_blur.png labels/frame_000431_rot_blur.png
images/frame_000445_rot_blur.png labels/frame_000445_rot_blur.png
images/frame_000519.png labels/frame_000519.png
images/frame_000103.png labels/frame_000103.png
images/frame_000196.png labels/frame_000196.png
images/frame_000397.png labels/frame_000397.png
images/frame_000435.png labels/frame_000435.png
images/frame_000198_rot_blur.png labels/frame_000198_rot_blur.png
images/frame_000383.png labels/frame_000383.png
images/frame_000620.png labels/frame_000620.png
images/frame_000514.png labels/frame_000514.png
images/frame_000321.png labels/frame_000321.png
images/frame_000306.png labels/frame_000306.png
images/frame_000480.png labels/frame_000480.png
images/frame_000362_rot_blur.png labels/frame_000362_rot_blur.png
images/frame_000341_rot_blur.png labels/frame_000341_rot_blur.png
images/frame_000049.png labels/frame_000049.png
images/frame_000402.png labels/frame_000402.png
images/frame_000203.png labels/frame_000203.png
images/frame_000251.png labels/frame_000251.png
images/frame_000535_rot_blur.png labels/frame_000535_rot_blur.png
images/frame_000528.png labels/frame_000528.png
images/frame_000464_rot_blur.png labels/frame_000464_rot_blur.png
images/frame_000389_rot_blur.png labels/frame_000389_rot_blur.png
images/frame_000100.png labels/frame_000100.png
images/frame_000067.png labels/frame_000067.png
images/frame_000525_rot_blur.png labels/frame_000525_rot_blur.png
images/frame_000020.png labels/frame_000020.png
images/frame_000508_rot_blur.png labels/frame_000508_rot_blur.png
images/frame_000115.png labels/frame_000115.png
images/frame_000189.png labels/frame_000189.png
images/frame_000144.png labels/frame_000144.png
images/frame_000209.png labels/frame_000209.png
images/frame_000195_rot_blur.png labels/frame_000195_rot_blur.png
images/frame_000296.png labels/frame_000296.png
images/frame_000581.png labels/frame_000581.png
images/frame_000543.png labels/frame_000543.png
images/frame_000323_rot_blur.png labels/frame_000323_rot_blur.png
images/frame_000576.png labels/frame_000576.png
images/frame_000260.png labels/frame_000260.png
images/frame_000032.png labels/frame_000032.png
images/frame_000007.png labels/frame_000007.png
images/frame_000590.png labels/frame_000590.png
images/frame_000532.png labels/frame_000532.png
images/frame_000246.png labels/frame_000246.png
images/frame_000189_rot_blur.png labels/frame_000189_rot_blur.png
images/frame_000093_rot_blur.png labels/frame_000093_rot_blur.png
images/frame_000381_rot_blur.png labels/frame_000381_rot_blur.png
images/frame_000108.png labels/frame_000108.png
images/frame_000395_rot_blur.png labels/frame_000395_rot_blur.png
images/frame_000538.png labels/frame_000538.png
images/frame_000439.png labels/frame_000439.png
images/frame_000168_rot_blur.png labels/frame_000168_rot_blur.png
images/frame_000359_rot_blur.png labels/frame_000359_rot_blur.png
images/frame_000147_rot_blur.png labels/frame_000147_rot_blur.png
images/frame_000508.png labels/frame_000508.png
images/frame_000637_rot_blur.png labels/frame_000637_rot_blur.png
images/frame_000227_rot_blur.png labels/frame_000227_rot_blur.png
images/frame_000407_rot_blur.png labels/frame_000407_rot_blur.png
images/frame_000134_rot_blur.png labels/frame_000134_rot_blur.png
images/frame_000497_rot_blur.png labels/frame_000497_rot_blur.png
images/frame_000100_rot_blur.png labels/frame_000100_rot_blur.png
images/frame_000080_rot_blur.png labels/frame_000080_rot_blur.png
images/frame_000364_rot_blur.png labels/frame_000364_rot_blur.png
images/frame_000200_rot_blur.png labels/frame_000200_rot_blur.png
images/frame_000351.png labels/frame_000351.png
images/frame_000564_rot_blur.png labels/frame_000564_rot_blur.png
images/frame_000282_rot_blur.png labels/frame_000282_rot_blur.png
images/frame_000510_rot_blur.png labels/frame_000510_rot_blur.png
images/frame_000512_rot_blur.png labels/frame_000512_rot_blur.png
images/frame_000552.png labels/frame_000552.png
images/frame_000102_rot_blur.png labels/frame_000102_rot_blur.png
images/frame_000017.png labels/frame_000017.png
images/frame_000387_rot_blur.png labels/frame_000387_rot_blur.png
images/frame_000254.png labels/frame_000254.png
images/frame_000665_rot_blur.png labels/frame_000665_rot_blur.png
images/frame_000045_rot_blur.png labels/frame_000045_rot_blur.png
images/frame_000448_rot_blur.png labels/frame_000448_rot_blur.png
images/frame_000282.png labels/frame_000282.png
images/frame_000388.png labels/frame_000388.png
images/frame_000120_rot_blur.png labels/frame_000120_rot_blur.png
images/frame_000006_rot_blur.png labels/frame_000006_rot_blur.png
images/frame_000157_rot_blur.png labels/frame_000157_rot_blur.png
images/frame_000300.png labels/frame_000300.png
images/frame_000193_rot_blur.png labels/frame_000193_rot_blur.png
images/frame_000648_rot_blur.png labels/frame_000648_rot_blur.png
images/frame_000083.png labels/frame_000083.png
images/frame_000420.png labels/frame_000420.png
images/frame_000010.png labels/frame_000010.png
images/frame_000323.png labels/frame_000323.png
images/frame_000577.png labels/frame_000577.png
images/frame_000415_rot_blur.png labels/frame_000415_rot_blur.png
images/frame_000633_rot_blur.png labels/frame_000633_rot_blur.png
images/frame_000281.png labels/frame_000281.png
images/frame_000658_rot_blur.png labels/frame_000658_rot_blur.png
images/frame_000343.png labels/frame_000343.png
images/frame_000478_rot_blur.png labels/frame_000478_rot_blur.png
images/frame_000094_rot_blur.png labels/frame_000094_rot_blur.png
images/frame_000487_rot_blur.png labels/frame_000487_rot_blur.png
images/frame_000349_rot_blur.png labels/frame_000349_rot_blur.png
images/frame_000255.png labels/frame_000255.png
images/frame_000541.png labels/frame_000541.png
images/frame_000237.png labels/frame_000237.png
images/frame_000428.png labels/frame_000428.png
images/frame_000373_rot_blur.png labels/frame_000373_rot_blur.png
images/frame_000126.png labels/frame_000126.png
images/frame_000010_rot_blur.png labels/frame_000010_rot_blur.png
images/frame_000229_rot_blur.png labels/frame_000229_rot_blur.png
images/frame_000592.png labels/frame_000592.png
images/frame_000138.png labels/frame_000138.png
images/frame_000477_rot_blur.png labels/frame_000477_rot_blur.png
images/frame_000607_rot_blur.png labels/frame_000607_rot_blur.png
images/frame_000192_rot_blur.png labels/frame_000192_rot_blur.png
images/frame_000402_rot_blur.png labels/frame_000402_rot_blur.png
images/frame_000171_rot_blur.png labels/frame_000171_rot_blur.png
images/frame_000384_rot_blur.png labels/frame_000384_rot_blur.png
images/frame_000666.png labels/frame_000666.png
images/frame_000065.png labels/frame_000065.png
images/frame_000435_rot_blur.png labels/frame_000435_rot_blur.png
images/frame_000561_rot_blur.png labels/frame_000561_rot_blur.png
images/frame_000043_rot_blur.png labels/frame_000043_rot_blur.png
images/frame_000165.png labels/frame_000165.png
images/frame_000619.png labels/frame_000619.png
images/frame_000233.png labels/frame_000233.png
images/frame_000060_rot_blur.png labels/frame_000060_rot_blur.png
images/frame_000522.png labels/frame_000522.png
images/frame_000547_rot_blur.png labels/frame_000547_rot_blur.png
images/frame_000565.png labels/frame_000565.png
images/frame_000647.png labels/frame_000647.png
images/frame_000430.png labels/frame_000430.png
images/frame_000563.png labels/frame_000563.png
