images/15.png labels/15.png
images/96.png labels/96.png
images/146.png labels/146.png
images/177.png labels/177.png
images/199.png labels/199.png
images/140.png labels/140.png
images/155.png labels/155.png
images/208.png labels/208.png
images/119.png labels/119.png
images/210.png labels/210.png
images/128.png labels/128.png
images/158.png labels/158.png
images/22.png labels/22.png
images/161.png labels/161.png
images/151.png labels/151.png
images/100.png labels/100.png
images/190.png labels/190.png
images/185.png labels/185.png
images/189.png labels/189.png
images/120.png labels/120.png
images/111.png labels/111.png
images/87.png labels/87.png
images/62.png labels/62.png
images/94.png labels/94.png
images/178.png labels/178.png
images/169.png labels/169.png
images/117.png labels/117.png
images/102.png labels/102.png
images/196.png labels/196.png
images/123.png labels/123.png
images/59.png labels/59.png
images/75.png labels/75.png
images/109.png labels/109.png
images/134.png labels/134.png
images/104.png labels/104.png
images/43.png labels/43.png
images/205.png labels/205.png
images/130.png labels/130.png
images/116.png labels/116.png
images/174.png labels/174.png
images/48.png labels/48.png
images/55.png labels/55.png
images/50.png labels/50.png
images/201.png labels/201.png
images/42.png labels/42.png
images/69.png labels/69.png
images/141.png labels/141.png
images/132.png labels/132.png
images/143.png labels/143.png
images/122.png labels/122.png
images/38.png labels/38.png
images/25.png labels/25.png
images/107.png labels/107.png
images/98.png labels/98.png
images/72.png labels/72.png
images/191.png labels/191.png
images/47.png labels/47.png
images/197.png labels/197.png
images/2.png labels/2.png
images/0.png labels/0.png
images/137.png labels/137.png
images/9.png labels/9.png
images/124.png labels/124.png
images/125.png labels/125.png
images/144.png labels/144.png
images/81.png labels/81.png
images/23.png labels/23.png
images/82.png labels/82.png
images/40.png labels/40.png
images/176.png labels/176.png
images/73.png labels/73.png
images/153.png labels/153.png
images/159.png labels/159.png
images/16.png labels/16.png
images/79.png labels/79.png
images/45.png labels/45.png
images/173.png labels/173.png
images/180.png labels/180.png
images/171.png labels/171.png
images/10.png labels/10.png
images/108.png labels/108.png
images/8.png labels/8.png
images/187.png labels/187.png
images/11.png labels/11.png
images/200.png labels/200.png
images/6.png labels/6.png
images/17.png labels/17.png
images/64.png labels/64.png
images/88.png labels/88.png
images/85.png labels/85.png
images/126.png labels/126.png
images/192.png labels/192.png
images/131.png labels/131.png
images/5.png labels/5.png
images/63.png labels/63.png
images/170.png labels/170.png
images/164.png labels/164.png
images/147.png labels/147.png
images/136.png labels/136.png
images/7.png labels/7.png
images/188.png labels/188.png
images/91.png labels/91.png
images/49.png labels/49.png
images/34.png labels/34.png
images/106.png labels/106.png
images/32.png labels/32.png
images/92.png labels/92.png
images/76.png labels/76.png
images/195.png labels/195.png
images/113.png labels/113.png
images/20.png labels/20.png
images/35.png labels/35.png
images/19.png labels/19.png
images/41.png labels/41.png
images/77.png labels/77.png
images/183.png labels/183.png
images/66.png labels/66.png
images/209.png labels/209.png
images/112.png labels/112.png
images/121.png labels/121.png
images/115.png labels/115.png
images/86.png labels/86.png
images/103.png labels/103.png
images/167.png labels/167.png
images/193.png labels/193.png
images/29.png labels/29.png
images/198.png labels/198.png
images/13.png labels/13.png
images/172.png labels/172.png
images/162.png labels/162.png
images/44.png labels/44.png
images/175.png labels/175.png
images/65.png labels/65.png
images/135.png labels/135.png
images/129.png labels/129.png
images/95.png labels/95.png
images/207.png labels/207.png
images/93.png labels/93.png
images/89.png labels/89.png
images/179.png labels/179.png
images/57.png labels/57.png
images/21.png labels/21.png
images/127.png labels/127.png
images/3.png labels/3.png
images/30.png labels/30.png
images/165.png labels/165.png
images/74.png labels/74.png
images/84.png labels/84.png
images/163.png labels/163.png
images/26.png labels/26.png
images/114.png labels/114.png
images/33.png labels/33.png
images/110.png labels/110.png
images/139.png labels/139.png
images/78.png labels/78.png
images/101.png labels/101.png
images/206.png labels/206.png
images/4.png labels/4.png
images/182.png labels/182.png
images/142.png labels/142.png
images/12.png labels/12.png
images/166.png labels/166.png
images/156.png labels/156.png
images/31.png labels/31.png
images/70.png labels/70.png
images/39.png labels/39.png
images/90.png labels/90.png
images/150.png labels/150.png
images/46.png labels/46.png
images/28.png labels/28.png
images/1.png labels/1.png
images/80.png labels/80.png
images/148.png labels/148.png
images/52.png labels/52.png
images/118.png labels/118.png
images/194.png labels/194.png
images/152.png labels/152.png
images/54.png labels/54.png
images/211.png labels/211.png
images/51.png labels/51.png
