images/frame_000324_rot_blur.png labels/frame_000324_rot_blur.png
images/frame_000104_rot_blur.png labels/frame_000104_rot_blur.png
images/frame_000472.png labels/frame_000472.png
images/frame_000457_rot_blur.png labels/frame_000457_rot_blur.png
images/frame_000011_rot_blur.png labels/frame_000011_rot_blur.png
images/frame_000289.png labels/frame_000289.png
images/frame_000231.png labels/frame_000231.png
images/frame_000357.png labels/frame_000357.png
images/frame_000217_rot_blur.png labels/frame_000217_rot_blur.png
images/frame_000407.png labels/frame_000407.png
images/frame_000257.png labels/frame_000257.png
images/frame_000580.png labels/frame_000580.png
images/frame_000238_rot_blur.png labels/frame_000238_rot_blur.png
images/frame_000147.png labels/frame_000147.png
images/frame_000062.png labels/frame_000062.png
images/frame_000486_rot_blur.png labels/frame_000486_rot_blur.png
images/frame_000640.png labels/frame_000640.png
images/frame_000301.png labels/frame_000301.png
images/frame_000166_rot_blur.png labels/frame_000166_rot_blur.png
images/frame_000175_rot_blur.png labels/frame_000175_rot_blur.png
images/frame_000286_rot_blur.png labels/frame_000286_rot_blur.png
images/frame_000089.png labels/frame_000089.png
images/frame_000330_rot_blur.png labels/frame_000330_rot_blur.png
images/frame_000524_rot_blur.png labels/frame_000524_rot_blur.png
images/frame_000471.png labels/frame_000471.png
images/frame_000537.png labels/frame_000537.png
images/frame_000223_rot_blur.png labels/frame_000223_rot_blur.png
images/frame_000514_rot_blur.png labels/frame_000514_rot_blur.png
images/frame_000413.png labels/frame_000413.png
images/frame_000516.png labels/frame_000516.png
images/frame_000411_rot_blur.png labels/frame_000411_rot_blur.png
images/frame_000532_rot_blur.png labels/frame_000532_rot_blur.png
images/frame_000493.png labels/frame_000493.png
images/frame_000077_rot_blur.png labels/frame_000077_rot_blur.png
images/frame_000392_rot_blur.png labels/frame_000392_rot_blur.png
images/frame_000290_rot_blur.png labels/frame_000290_rot_blur.png
images/frame_000119_rot_blur.png labels/frame_000119_rot_blur.png
images/frame_000067_rot_blur.png labels/frame_000067_rot_blur.png
images/frame_000207_rot_blur.png labels/frame_000207_rot_blur.png
images/frame_000668.png labels/frame_000668.png
images/frame_000482_rot_blur.png labels/frame_000482_rot_blur.png
images/frame_000242_rot_blur.png labels/frame_000242_rot_blur.png
images/frame_000041_rot_blur.png labels/frame_000041_rot_blur.png
images/frame_000484.png labels/frame_000484.png
images/frame_000452.png labels/frame_000452.png
images/frame_000378.png labels/frame_000378.png
images/frame_000468_rot_blur.png labels/frame_000468_rot_blur.png
images/frame_000098.png labels/frame_000098.png
images/frame_000553_rot_blur.png labels/frame_000553_rot_blur.png
images/frame_000644_rot_blur.png labels/frame_000644_rot_blur.png
images/frame_000277.png labels/frame_000277.png
images/frame_000183_rot_blur.png labels/frame_000183_rot_blur.png
images/frame_000456.png labels/frame_000456.png
images/frame_000295_rot_blur.png labels/frame_000295_rot_blur.png
images/frame_000436_rot_blur.png labels/frame_000436_rot_blur.png
images/frame_000502.png labels/frame_000502.png
images/frame_000453.png labels/frame_000453.png
images/frame_000039.png labels/frame_000039.png
images/frame_000310.png labels/frame_000310.png
images/frame_000613.png labels/frame_000613.png
images/frame_000138_rot_blur.png labels/frame_000138_rot_blur.png
images/frame_000137_rot_blur.png labels/frame_000137_rot_blur.png
images/frame_000615.png labels/frame_000615.png
images/frame_000377_rot_blur.png labels/frame_000377_rot_blur.png
images/frame_000038.png labels/frame_000038.png
images/frame_000613_rot_blur.png labels/frame_000613_rot_blur.png
images/frame_000569.png labels/frame_000569.png
images/frame_000206_rot_blur.png labels/frame_000206_rot_blur.png
images/frame_000574.png labels/frame_000574.png
images/frame_000483_rot_blur.png labels/frame_000483_rot_blur.png
images/frame_000558.png labels/frame_000558.png
images/frame_000115_rot_blur.png labels/frame_000115_rot_blur.png
images/frame_000132_rot_blur.png labels/frame_000132_rot_blur.png
images/frame_000372.png labels/frame_000372.png
images/frame_000176_rot_blur.png labels/frame_000176_rot_blur.png
images/frame_000354.png labels/frame_000354.png
images/frame_000621_rot_blur.png labels/frame_000621_rot_blur.png
images/frame_000651.png labels/frame_000651.png
images/frame_000205_rot_blur.png labels/frame_000205_rot_blur.png
images/frame_000521.png labels/frame_000521.png
images/frame_000484_rot_blur.png labels/frame_000484_rot_blur.png
images/frame_000458_rot_blur.png labels/frame_000458_rot_blur.png
images/frame_000336.png labels/frame_000336.png
images/frame_000507_rot_blur.png labels/frame_000507_rot_blur.png
images/frame_000382_rot_blur.png labels/frame_000382_rot_blur.png
images/frame_000253.png labels/frame_000253.png
images/frame_000216.png labels/frame_000216.png
images/frame_000015_rot_blur.png labels/frame_000015_rot_blur.png
images/frame_000423_rot_blur.png labels/frame_000423_rot_blur.png
images/frame_000240_rot_blur.png labels/frame_000240_rot_blur.png
images/frame_000099_rot_blur.png labels/frame_000099_rot_blur.png
images/frame_000105.png labels/frame_000105.png
images/frame_000173.png labels/frame_000173.png
images/frame_000526_rot_blur.png labels/frame_000526_rot_blur.png
images/frame_000130_rot_blur.png labels/frame_000130_rot_blur.png
images/frame_000641.png labels/frame_000641.png
images/frame_000087.png labels/frame_000087.png
images/frame_000531.png labels/frame_000531.png
images/frame_000560_rot_blur.png labels/frame_000560_rot_blur.png
images/frame_000631_rot_blur.png labels/frame_000631_rot_blur.png
images/frame_000148_rot_blur.png labels/frame_000148_rot_blur.png
images/frame_000524.png labels/frame_000524.png
images/frame_000667_rot_blur.png labels/frame_000667_rot_blur.png
images/frame_000518.png labels/frame_000518.png
images/frame_000370_rot_blur.png labels/frame_000370_rot_blur.png
images/frame_000153.png labels/frame_000153.png
images/frame_000559.png labels/frame_000559.png
images/frame_000161.png labels/frame_000161.png
images/frame_000151_rot_blur.png labels/frame_000151_rot_blur.png
images/frame_000314_rot_blur.png labels/frame_000314_rot_blur.png
images/frame_000256_rot_blur.png labels/frame_000256_rot_blur.png
images/frame_000149.png labels/frame_000149.png
images/frame_000390.png labels/frame_000390.png
images/frame_000643_rot_blur.png labels/frame_000643_rot_blur.png
images/frame_000025_rot_blur.png labels/frame_000025_rot_blur.png
images/frame_000338_rot_blur.png labels/frame_000338_rot_blur.png
images/frame_000251_rot_blur.png labels/frame_000251_rot_blur.png
images/frame_000394.png labels/frame_000394.png
images/frame_000287_rot_blur.png labels/frame_000287_rot_blur.png
images/frame_000454.png labels/frame_000454.png
images/frame_000024.png labels/frame_000024.png
images/frame_000404.png labels/frame_000404.png
images/frame_000541_rot_blur.png labels/frame_000541_rot_blur.png
images/frame_000179.png labels/frame_000179.png
images/frame_000361.png labels/frame_000361.png
images/frame_000099.png labels/frame_000099.png
images/frame_000225_rot_blur.png labels/frame_000225_rot_blur.png
images/frame_000145.png labels/frame_000145.png
images/frame_000233_rot_blur.png labels/frame_000233_rot_blur.png
images/frame_000362.png labels/frame_000362.png
images/frame_000197.png labels/frame_000197.png
images/frame_000123_rot_blur.png labels/frame_000123_rot_blur.png
images/frame_000646.png labels/frame_000646.png
images/frame_000459_rot_blur.png labels/frame_000459_rot_blur.png
images/frame_000154_rot_blur.png labels/frame_000154_rot_blur.png
images/frame_000156.png labels/frame_000156.png
images/frame_000177.png labels/frame_000177.png
images/frame_000513.png labels/frame_000513.png
images/frame_000187.png labels/frame_000187.png
images/frame_000319.png labels/frame_000319.png
images/frame_000210.png labels/frame_000210.png
images/frame_000205.png labels/frame_000205.png
images/frame_000611_rot_blur.png labels/frame_000611_rot_blur.png
images/frame_000422_rot_blur.png labels/frame_000422_rot_blur.png
images/frame_000121_rot_blur.png labels/frame_000121_rot_blur.png
images/frame_000566_rot_blur.png labels/frame_000566_rot_blur.png
images/frame_000388_rot_blur.png labels/frame_000388_rot_blur.png
images/frame_000081_rot_blur.png labels/frame_000081_rot_blur.png
images/frame_000154.png labels/frame_000154.png
images/frame_000175.png labels/frame_000175.png
images/frame_000264.png labels/frame_000264.png
images/frame_000458.png labels/frame_000458.png
images/frame_000497.png labels/frame_000497.png
images/frame_000406.png labels/frame_000406.png
images/frame_000054_rot_blur.png labels/frame_000054_rot_blur.png
images/frame_000481_rot_blur.png labels/frame_000481_rot_blur.png
images/frame_000195.png labels/frame_000195.png
images/frame_000269.png labels/frame_000269.png
images/frame_000440_rot_blur.png labels/frame_000440_rot_blur.png
images/frame_000202_rot_blur.png labels/frame_000202_rot_blur.png
images/frame_000593.png labels/frame_000593.png
images/frame_000584_rot_blur.png labels/frame_000584_rot_blur.png
images/frame_000199.png labels/frame_000199.png
images/frame_000171.png labels/frame_000171.png
images/frame_000044.png labels/frame_000044.png
images/frame_000110.png labels/frame_000110.png
images/frame_000334.png labels/frame_000334.png
images/frame_000135.png labels/frame_000135.png
images/frame_000673.png labels/frame_000673.png
images/frame_000669.png labels/frame_000669.png
images/frame_000129_rot_blur.png labels/frame_000129_rot_blur.png
images/frame_000640_rot_blur.png labels/frame_000640_rot_blur.png
images/frame_000457.png labels/frame_000457.png
images/frame_000503_rot_blur.png labels/frame_000503_rot_blur.png
images/frame_000431.png labels/frame_000431.png
images/frame_000572.png labels/frame_000572.png
images/frame_000361_rot_blur.png labels/frame_000361_rot_blur.png
images/frame_000276.png labels/frame_000276.png
images/frame_000661.png labels/frame_000661.png
images/frame_000188_rot_blur.png labels/frame_000188_rot_blur.png
images/frame_000274_rot_blur.png labels/frame_000274_rot_blur.png
images/frame_000470_rot_blur.png labels/frame_000470_rot_blur.png
images/frame_000172.png labels/frame_000172.png
images/frame_000533.png labels/frame_000533.png
images/frame_000214.png labels/frame_000214.png
images/frame_000325_rot_blur.png labels/frame_000325_rot_blur.png
images/frame_000053_rot_blur.png labels/frame_000053_rot_blur.png
images/frame_000120.png labels/frame_000120.png
images/frame_000557_rot_blur.png labels/frame_000557_rot_blur.png
images/frame_000235_rot_blur.png labels/frame_000235_rot_blur.png
images/frame_000142_rot_blur.png labels/frame_000142_rot_blur.png
images/frame_000050_rot_blur.png labels/frame_000050_rot_blur.png
images/frame_000575_rot_blur.png labels/frame_000575_rot_blur.png
images/frame_000182_rot_blur.png labels/frame_000182_rot_blur.png
images/frame_000447.png labels/frame_000447.png
images/frame_000064_rot_blur.png labels/frame_000064_rot_blur.png
images/frame_000340.png labels/frame_000340.png
images/frame_000307_rot_blur.png labels/frame_000307_rot_blur.png
images/frame_000118_rot_blur.png labels/frame_000118_rot_blur.png
images/frame_000616.png labels/frame_000616.png
images/frame_000027.png labels/frame_000027.png
images/frame_000559_rot_blur.png labels/frame_000559_rot_blur.png
images/frame_000450.png labels/frame_000450.png
